Archive member included to satisfy reference by file (symbol)

/home/nik/st/plugins/com.st.stm32cube.ide.mcu.externaltools.gnu-tools-for-stm32.7-2018-q2-update.linux64_1.0.0.201904181610/tools/bin/../lib/gcc/arm-none-eabi/7.3.1/../../../../arm-none-eabi/lib/thumb/v7e-m/fpv4-sp/hard/libc_nano.a(lib_a-errno.o)
                              Src/syscalls.o (__errno)
/home/nik/st/plugins/com.st.stm32cube.ide.mcu.externaltools.gnu-tools-for-stm32.7-2018-q2-update.linux64_1.0.0.201904181610/tools/bin/../lib/gcc/arm-none-eabi/7.3.1/../../../../arm-none-eabi/lib/thumb/v7e-m/fpv4-sp/hard/libc_nano.a(lib_a-exit.o)
                              /home/nik/st/plugins/com.st.stm32cube.ide.mcu.externaltools.gnu-tools-for-stm32.7-2018-q2-update.linux64_1.0.0.201904181610/tools/bin/../lib/gcc/arm-none-eabi/7.3.1/../../../../arm-none-eabi/lib/thumb/v7e-m/fpv4-sp/hard/crt0.o (exit)
/home/nik/st/plugins/com.st.stm32cube.ide.mcu.externaltools.gnu-tools-for-stm32.7-2018-q2-update.linux64_1.0.0.201904181610/tools/bin/../lib/gcc/arm-none-eabi/7.3.1/../../../../arm-none-eabi/lib/thumb/v7e-m/fpv4-sp/hard/libc_nano.a(lib_a-impure.o)
                              /home/nik/st/plugins/com.st.stm32cube.ide.mcu.externaltools.gnu-tools-for-stm32.7-2018-q2-update.linux64_1.0.0.201904181610/tools/bin/../lib/gcc/arm-none-eabi/7.3.1/../../../../arm-none-eabi/lib/thumb/v7e-m/fpv4-sp/hard/libc_nano.a(lib_a-exit.o) (_global_impure_ptr)
/home/nik/st/plugins/com.st.stm32cube.ide.mcu.externaltools.gnu-tools-for-stm32.7-2018-q2-update.linux64_1.0.0.201904181610/tools/bin/../lib/gcc/arm-none-eabi/7.3.1/../../../../arm-none-eabi/lib/thumb/v7e-m/fpv4-sp/hard/libc_nano.a(lib_a-init.o)
                              /home/nik/st/plugins/com.st.stm32cube.ide.mcu.externaltools.gnu-tools-for-stm32.7-2018-q2-update.linux64_1.0.0.201904181610/tools/bin/../lib/gcc/arm-none-eabi/7.3.1/../../../../arm-none-eabi/lib/thumb/v7e-m/fpv4-sp/hard/crt0.o (__libc_init_array)
/home/nik/st/plugins/com.st.stm32cube.ide.mcu.externaltools.gnu-tools-for-stm32.7-2018-q2-update.linux64_1.0.0.201904181610/tools/bin/../lib/gcc/arm-none-eabi/7.3.1/../../../../arm-none-eabi/lib/thumb/v7e-m/fpv4-sp/hard/libc_nano.a(lib_a-memset.o)
                              /home/nik/st/plugins/com.st.stm32cube.ide.mcu.externaltools.gnu-tools-for-stm32.7-2018-q2-update.linux64_1.0.0.201904181610/tools/bin/../lib/gcc/arm-none-eabi/7.3.1/../../../../arm-none-eabi/lib/thumb/v7e-m/fpv4-sp/hard/crt0.o (memset)

Allocating common symbols
Common symbol       size              file

htim8               0x40              Src/main.o
hi2c1               0x4c              Src/main.o
uwTick              0x4               Drivers/STM32F3xx_HAL_Driver/Src/stm32f3xx_hal.o
pFlash              0x20              Drivers/STM32F3xx_HAL_Driver/Src/stm32f3xx_hal_flash.o
htim1               0x40              Src/main.o
hspi1               0x64              Src/main.o
hpcd_USB_FS         0x3a8             Src/main.o

Discarded input sections

 .text          0x0000000000000000        0x0 /home/nik/st/plugins/com.st.stm32cube.ide.mcu.externaltools.gnu-tools-for-stm32.7-2018-q2-update.linux64_1.0.0.201904181610/tools/bin/../lib/gcc/arm-none-eabi/7.3.1/thumb/v7e-m/fpv4-sp/hard/crti.o
 .data          0x0000000000000000        0x0 /home/nik/st/plugins/com.st.stm32cube.ide.mcu.externaltools.gnu-tools-for-stm32.7-2018-q2-update.linux64_1.0.0.201904181610/tools/bin/../lib/gcc/arm-none-eabi/7.3.1/thumb/v7e-m/fpv4-sp/hard/crti.o
 .bss           0x0000000000000000        0x0 /home/nik/st/plugins/com.st.stm32cube.ide.mcu.externaltools.gnu-tools-for-stm32.7-2018-q2-update.linux64_1.0.0.201904181610/tools/bin/../lib/gcc/arm-none-eabi/7.3.1/thumb/v7e-m/fpv4-sp/hard/crti.o
 .data          0x0000000000000000        0x4 /home/nik/st/plugins/com.st.stm32cube.ide.mcu.externaltools.gnu-tools-for-stm32.7-2018-q2-update.linux64_1.0.0.201904181610/tools/bin/../lib/gcc/arm-none-eabi/7.3.1/thumb/v7e-m/fpv4-sp/hard/crtbegin.o
 .text          0x0000000000000000       0x74 /home/nik/st/plugins/com.st.stm32cube.ide.mcu.externaltools.gnu-tools-for-stm32.7-2018-q2-update.linux64_1.0.0.201904181610/tools/bin/../lib/gcc/arm-none-eabi/7.3.1/../../../../arm-none-eabi/lib/thumb/v7e-m/fpv4-sp/hard/crt0.o
 .data          0x0000000000000000        0x0 /home/nik/st/plugins/com.st.stm32cube.ide.mcu.externaltools.gnu-tools-for-stm32.7-2018-q2-update.linux64_1.0.0.201904181610/tools/bin/../lib/gcc/arm-none-eabi/7.3.1/../../../../arm-none-eabi/lib/thumb/v7e-m/fpv4-sp/hard/crt0.o
 .bss           0x0000000000000000        0x0 /home/nik/st/plugins/com.st.stm32cube.ide.mcu.externaltools.gnu-tools-for-stm32.7-2018-q2-update.linux64_1.0.0.201904181610/tools/bin/../lib/gcc/arm-none-eabi/7.3.1/../../../../arm-none-eabi/lib/thumb/v7e-m/fpv4-sp/hard/crt0.o
[...]
Memory Configuration

Name             Origin             Length             Attributes
CCMRAM           0x0000000010000000 0x0000000000002000 xrw
RAM              0x0000000020000000 0x000000000000a000 xrw
FLASH            0x0000000008000000 0x0000000000040000 xr
*default*        0x0000000000000000 0xffffffffffffffff

Linker script and memory map

LOAD /home/nik/st/plugins/com.st.stm32cube.ide.mcu.externaltools.gnu-tools-for-stm32.7-2018-q2-update.linux64_1.0.0.201904181610/tools/bin/../lib/gcc/arm-none-eabi/7.3.1/thumb/v7e-m/fpv4-sp/hard/crti.o
LOAD /home/nik/st/plugins/com.st.stm32cube.ide.mcu.externaltools.gnu-tools-for-stm32.7-2018-q2-update.linux64_1.0.0.201904181610/tools/bin/../lib/gcc/arm-none-eabi/7.3.1/thumb/v7e-m/fpv4-sp/hard/crtbegin.o
LOAD /home/nik/st/plugins/com.st.stm32cube.ide.mcu.externaltools.gnu-tools-for-stm32.7-2018-q2-update.linux64_1.0.0.201904181610/tools/bin/../lib/gcc/arm-none-eabi/7.3.1/../../../../arm-none-eabi/lib/thumb/v7e-m/fpv4-sp/hard/crt0.o
LOAD Drivers/STM32F3xx_HAL_Driver/Src/stm32f3xx_hal.o
LOAD Drivers/STM32F3xx_HAL_Driver/Src/stm32f3xx_hal_cortex.o
LOAD Drivers/STM32F3xx_HAL_Driver/Src/stm32f3xx_hal_dma.o
LOAD Drivers/STM32F3xx_HAL_Driver/Src/stm32f3xx_hal_flash.o
LOAD Drivers/STM32F3xx_HAL_Driver/Src/stm32f3xx_hal_flash_ex.o
LOAD Drivers/STM32F3xx_HAL_Driver/Src/stm32f3xx_hal_gpio.o
LOAD Drivers/STM32F3xx_HAL_Driver/Src/stm32f3xx_hal_i2c.o
LOAD Drivers/STM32F3xx_HAL_Driver/Src/stm32f3xx_hal_i2c_ex.o
LOAD Drivers/STM32F3xx_HAL_Driver/Src/stm32f3xx_hal_pcd.o
LOAD Drivers/STM32F3xx_HAL_Driver/Src/stm32f3xx_hal_pcd_ex.o
LOAD Drivers/STM32F3xx_HAL_Driver/Src/stm32f3xx_hal_pwr.o
LOAD Drivers/STM32F3xx_HAL_Driver/Src/stm32f3xx_hal_pwr_ex.o
LOAD Drivers/STM32F3xx_HAL_Driver/Src/stm32f3xx_hal_rcc.o
LOAD Drivers/STM32F3xx_HAL_Driver/Src/stm32f3xx_hal_rcc_ex.o
LOAD Drivers/STM32F3xx_HAL_Driver/Src/stm32f3xx_hal_spi.o
LOAD Drivers/STM32F3xx_HAL_Driver/Src/stm32f3xx_hal_spi_ex.o
LOAD Drivers/STM32F3xx_HAL_Driver/Src/stm32f3xx_hal_tim.o
LOAD Drivers/STM32F3xx_HAL_Driver/Src/stm32f3xx_hal_tim_ex.o
LOAD Src/main.o
LOAD Src/stm32f3xx_hal_msp.o
LOAD Src/stm32f3xx_it.o
LOAD Src/syscalls.o
LOAD Src/sysmem.o
LOAD Src/system_stm32f3xx.o
LOAD Startup/startup_stm32f303vctx.o
START GROUP
LOAD /home/nik/st/plugins/com.st.stm32cube.ide.mcu.externaltools.gnu-tools-for-stm32.7-2018-q2-update.linux64_1.0.0.201904181610/tools/bin/../lib/gcc/arm-none-eabi/7.3.1/../../../../arm-none-eabi/lib/thumb/v7e-m/fpv4-sp/hard/libstdc++_nano.a
LOAD /home/nik/st/plugins/com.st.stm32cube.ide.mcu.externaltools.gnu-tools-for-stm32.7-2018-q2-update.linux64_1.0.0.201904181610/tools/bin/../lib/gcc/arm-none-eabi/7.3.1/../../../../arm-none-eabi/lib/thumb/v7e-m/fpv4-sp/hard/libsupc++_nano.a
END GROUP
LOAD /home/nik/st/plugins/com.st.stm32cube.ide.mcu.externaltools.gnu-tools-for-stm32.7-2018-q2-update.linux64_1.0.0.201904181610/tools/bin/../lib/gcc/arm-none-eabi/7.3.1/../../../../arm-none-eabi/lib/thumb/v7e-m/fpv4-sp/hard/libstdc++_nano.a
LOAD /home/nik/st/plugins/com.st.stm32cube.ide.mcu.externaltools.gnu-tools-for-stm32.7-2018-q2-update.linux64_1.0.0.201904181610/tools/bin/../lib/gcc/arm-none-eabi/7.3.1/../../../../arm-none-eabi/lib/thumb/v7e-m/fpv4-sp/hard/libm.a
LOAD /home/nik/st/plugins/com.st.stm32cube.ide.mcu.externaltools.gnu-tools-for-stm32.7-2018-q2-update.linux64_1.0.0.201904181610/tools/bin/../lib/gcc/arm-none-eabi/7.3.1/../../../../arm-none-eabi/lib/thumb/v7e-m/fpv4-sp/hard/libc_nano.a
START GROUP
LOAD /home/nik/st/plugins/com.st.stm32cube.ide.mcu.externaltools.gnu-tools-for-stm32.7-2018-q2-update.linux64_1.0.0.201904181610/tools/bin/../lib/gcc/arm-none-eabi/7.3.1/thumb/v7e-m/fpv4-sp/hard/libgcc.a
LOAD /home/nik/st/plugins/com.st.stm32cube.ide.mcu.externaltools.gnu-tools-for-stm32.7-2018-q2-update.linux64_1.0.0.201904181610/tools/bin/../lib/gcc/arm-none-eabi/7.3.1/../../../../arm-none-eabi/lib/thumb/v7e-m/fpv4-sp/hard/libc_nano.a
END GROUP
START GROUP
LOAD /home/nik/st/plugins/com.st.stm32cube.ide.mcu.externaltools.gnu-tools-for-stm32.7-2018-q2-update.linux64_1.0.0.201904181610/tools/bin/../lib/gcc/arm-none-eabi/7.3.1/thumb/v7e-m/fpv4-sp/hard/libgcc.a
LOAD /home/nik/st/plugins/com.st.stm32cube.ide.mcu.externaltools.gnu-tools-for-stm32.7-2018-q2-update.linux64_1.0.0.201904181610/tools/bin/../lib/gcc/arm-none-eabi/7.3.1/../../../../arm-none-eabi/lib/thumb/v7e-m/fpv4-sp/hard/libc_nano.a
LOAD /home/nik/st/plugins/com.st.stm32cube.ide.mcu.externaltools.gnu-tools-for-stm32.7-2018-q2-update.linux64_1.0.0.201904181610/tools/bin/../lib/gcc/arm-none-eabi/7.3.1/../../../../arm-none-eabi/lib/thumb/v7e-m/fpv4-sp/hard/libnosys.a
END GROUP
START GROUP
LOAD /home/nik/st/plugins/com.st.stm32cube.ide.mcu.externaltools.gnu-tools-for-stm32.7-2018-q2-update.linux64_1.0.0.201904181610/tools/bin/../lib/gcc/arm-none-eabi/7.3.1/thumb/v7e-m/fpv4-sp/hard/libgcc.a
LOAD /home/nik/st/plugins/com.st.stm32cube.ide.mcu.externaltools.gnu-tools-for-stm32.7-2018-q2-update.linux64_1.0.0.201904181610/tools/bin/../lib/gcc/arm-none-eabi/7.3.1/../../../../arm-none-eabi/lib/thumb/v7e-m/fpv4-sp/hard/libc_nano.a
LOAD /home/nik/st/plugins/com.st.stm32cube.ide.mcu.externaltools.gnu-tools-for-stm32.7-2018-q2-update.linux64_1.0.0.201904181610/tools/bin/../lib/gcc/arm-none-eabi/7.3.1/../../../../arm-none-eabi/lib/thumb/v7e-m/fpv4-sp/hard/libnosys.a
END GROUP
LOAD /home/nik/st/plugins/com.st.stm32cube.ide.mcu.externaltools.gnu-tools-for-stm32.7-2018-q2-update.linux64_1.0.0.201904181610/tools/bin/../lib/gcc/arm-none-eabi/7.3.1/thumb/v7e-m/fpv4-sp/hard/crtend.o
LOAD /home/nik/st/plugins/com.st.stm32cube.ide.mcu.externaltools.gnu-tools-for-stm32.7-2018-q2-update.linux64_1.0.0.201904181610/tools/bin/../lib/gcc/arm-none-eabi/7.3.1/thumb/v7e-m/fpv4-sp/hard/crtn.o
                0x000000002000a000                _estack = 0x2000a000
                0x0000000000000200                _Min_Heap_Size = 0x200
                0x0000000000000400                _Min_Stack_Size = 0x400

.isr_vector     0x0000000008000000      0x188
                0x0000000008000000                . = ALIGN (0x4)
 *(.isr_vector)
 .isr_vector    0x0000000008000000      0x188 Startup/startup_stm32f303vctx.o
                0x0000000008000000                g_pfnVectors
                0x0000000008000188                . = ALIGN (0x4)

.text           0x0000000008000188     0x3cf4
                0x0000000008000188                . = ALIGN (0x4)
 *(.text)
 .text          0x0000000008000188       0x40 /home/nik/st/plugins/com.st.stm32cube.ide.mcu.externaltools.gnu-tools-for-stm32.7-2018-q2-update.linux64_1.0.0.201904181610/tools/bin/../lib/gcc/arm-none-eabi/7.3.1/thumb/v7e-m/fpv4-sp/hard/crtbegin.o
 *(.text*)
 .text.HAL_Init
                0x00000000080001c8       0x2c Drivers/STM32F3xx_HAL_Driver/Src/stm32f3xx_hal.o
                0x00000000080001c8                HAL_Init
 .text.HAL_InitTick
                0x00000000080001f4       0x60 Drivers/STM32F3xx_HAL_Driver/Src/stm32f3xx_hal.o
                0x00000000080001f4                HAL_InitTick
 .text.HAL_IncTick
                0x0000000008000254       0x28 Drivers/STM32F3xx_HAL_Driver/Src/stm32f3xx_hal.o
                0x0000000008000254                HAL_IncTick
 .text.HAL_GetTick
                0x000000000800027c       0x18 Drivers/STM32F3xx_HAL_Driver/Src/stm32f3xx_hal.o
                0x000000000800027c                HAL_GetTick
 .text.NVIC_SetPriorityGrouping
                0x0000000008000294       0x48 Drivers/STM32F3xx_HAL_Driver/Src/stm32f3xx_hal_cortex.o
 .text.NVIC_GetPriorityGrouping
                0x00000000080002dc       0x1c Drivers/STM32F3xx_HAL_Driver/Src/stm32f3xx_hal_cortex.o
 .text.NVIC_EnableIRQ
                0x00000000080002f8       0x34 Drivers/STM32F3xx_HAL_Driver/Src/stm32f3xx_hal_cortex.o
 .text.NVIC_SetPriority
                0x000000000800032c       0x54 Drivers/STM32F3xx_HAL_Driver/Src/stm32f3xx_hal_cortex.o
 .text.NVIC_EncodePriority
                0x0000000008000380       0x66 Drivers/STM32F3xx_HAL_Driver/Src/stm32f3xx_hal_cortex.o
 *fill*         0x00000000080003e6        0x2 
 .text.SysTick_Config
                0x00000000080003e8       0x44 Drivers/STM32F3xx_HAL_Driver/Src/stm32f3xx_hal_cortex.o
 .text.HAL_NVIC_SetPriorityGrouping
                0x000000000800042c       0x16 Drivers/STM32F3xx_HAL_Driver/Src/stm32f3xx_hal_cortex.o
                0x000000000800042c                HAL_NVIC_SetPriorityGrouping
 .text.HAL_NVIC_SetPriority
                0x0000000008000442       0x38 Drivers/STM32F3xx_HAL_Driver/Src/stm32f3xx_hal_cortex.o
                0x0000000008000442                HAL_NVIC_SetPriority
 .text.HAL_NVIC_EnableIRQ
                0x000000000800047a       0x1c Drivers/STM32F3xx_HAL_Driver/Src/stm32f3xx_hal_cortex.o
                0x000000000800047a                HAL_NVIC_EnableIRQ
 .text.HAL_SYSTICK_Config
                0x0000000008000496       0x18 Drivers/STM32F3xx_HAL_Driver/Src/stm32f3xx_hal_cortex.o
                0x0000000008000496                HAL_SYSTICK_Config
 *fill*         0x00000000080004ae        0x2 
 .text.HAL_GPIO_Init
                0x00000000080004b0      0x2fc Drivers/STM32F3xx_HAL_Driver/Src/stm32f3xx_hal_gpio.o
                0x00000000080004b0                HAL_GPIO_Init
 .text.HAL_GPIO_WritePin
                0x00000000080007ac       0x30 Drivers/STM32F3xx_HAL_Driver/Src/stm32f3xx_hal_gpio.o
                0x00000000080007ac                HAL_GPIO_WritePin
 .text.HAL_I2C_Init
                0x00000000080007dc      0x11e Drivers/STM32F3xx_HAL_Driver/Src/stm32f3xx_hal_i2c.o
                0x00000000080007dc                HAL_I2C_Init
 .text.HAL_I2CEx_ConfigAnalogFilter
                0x00000000080008fa       0x96 Drivers/STM32F3xx_HAL_Driver/Src/stm32f3xx_hal_i2c_ex.o
                0x00000000080008fa                HAL_I2CEx_ConfigAnalogFilter
 .text.HAL_I2CEx_ConfigDigitalFilter
                0x0000000008000990       0x9c Drivers/STM32F3xx_HAL_Driver/Src/stm32f3xx_hal_i2c_ex.o
                0x0000000008000990                HAL_I2CEx_ConfigDigitalFilter
 .text.HAL_PCD_Init
                0x0000000008000a2c      0x1c0 Drivers/STM32F3xx_HAL_Driver/Src/stm32f3xx_hal_pcd.o
                0x0000000008000a2c                HAL_PCD_Init
 .text.HAL_RCC_OscConfig
                0x0000000008000bec      0xddc Drivers/STM32F3xx_HAL_Driver/Src/stm32f3xx_hal_rcc.o
                0x0000000008000bec                HAL_RCC_OscConfig
 .text.HAL_RCC_ClockConfig
                0x00000000080019c8      0x2f8 Drivers/STM32F3xx_HAL_Driver/Src/stm32f3xx_hal_rcc.o
                0x00000000080019c8                HAL_RCC_ClockConfig
 .text.HAL_RCC_GetSysClockFreq
                0x0000000008001cc0       0xd4 Drivers/STM32F3xx_HAL_Driver/Src/stm32f3xx_hal_rcc.o
                0x0000000008001cc0                HAL_RCC_GetSysClockFreq
 .text.HAL_RCCEx_PeriphCLKConfig
                0x0000000008001d94      0x360 Drivers/STM32F3xx_HAL_Driver/Src/stm32f3xx_hal_rcc_ex.o
                0x0000000008001d94                HAL_RCCEx_PeriphCLKConfig
 .text.HAL_SPI_Init
                0x00000000080020f4      0x124 Drivers/STM32F3xx_HAL_Driver/Src/stm32f3xx_hal_spi.o
                0x00000000080020f4                HAL_SPI_Init
 .text.HAL_TIM_PWM_Init
                0x0000000008002218       0x56 Drivers/STM32F3xx_HAL_Driver/Src/stm32f3xx_hal_tim.o
                0x0000000008002218                HAL_TIM_PWM_Init
 .text.HAL_TIM_IC_Init
                0x000000000800226e       0x56 Drivers/STM32F3xx_HAL_Driver/Src/stm32f3xx_hal_tim.o
                0x000000000800226e                HAL_TIM_IC_Init
 .text.HAL_TIM_IRQHandler
                0x00000000080022c4      0x23e Drivers/STM32F3xx_HAL_Driver/Src/stm32f3xx_hal_tim.o
                0x00000000080022c4                HAL_TIM_IRQHandler
 .text.HAL_TIM_IC_ConfigChannel
                0x0000000008002502      0x138 Drivers/STM32F3xx_HAL_Driver/Src/stm32f3xx_hal_tim.o
                0x0000000008002502                HAL_TIM_IC_ConfigChannel
 .text.HAL_TIM_PeriodElapsedCallback
                0x000000000800263a       0x14 Drivers/STM32F3xx_HAL_Driver/Src/stm32f3xx_hal_tim.o
                0x000000000800263a                HAL_TIM_PeriodElapsedCallback
 .text.HAL_TIM_OC_DelayElapsedCallback
                0x000000000800264e       0x14 Drivers/STM32F3xx_HAL_Driver/Src/stm32f3xx_hal_tim.o
                0x000000000800264e                HAL_TIM_OC_DelayElapsedCallback
 .text.HAL_TIM_IC_CaptureCallback
                0x0000000008002662       0x14 Drivers/STM32F3xx_HAL_Driver/Src/stm32f3xx_hal_tim.o
                0x0000000008002662                HAL_TIM_IC_CaptureCallback
 .text.HAL_TIM_PWM_PulseFinishedCallback
                0x0000000008002676       0x14 Drivers/STM32F3xx_HAL_Driver/Src/stm32f3xx_hal_tim.o
                0x0000000008002676                HAL_TIM_PWM_PulseFinishedCallback
 .text.HAL_TIM_TriggerCallback
                0x000000000800268a       0x14 Drivers/STM32F3xx_HAL_Driver/Src/stm32f3xx_hal_tim.o
                0x000000000800268a                HAL_TIM_TriggerCallback
 *fill*         0x000000000800269e        0x2 
 .text.TIM_Base_SetConfig
                0x00000000080026a0      0x124 Drivers/STM32F3xx_HAL_Driver/Src/stm32f3xx_hal_tim.o
                0x00000000080026a0                TIM_Base_SetConfig
 .text.TIM_OC1_SetConfig
                0x00000000080027c4      0x12c Drivers/STM32F3xx_HAL_Driver/Src/stm32f3xx_hal_tim.o
                0x00000000080027c4                TIM_OC1_SetConfig
 .text.TIM_OC2_SetConfig
                0x00000000080028f0      0x120 Drivers/STM32F3xx_HAL_Driver/Src/stm32f3xx_hal_tim.o
                0x00000000080028f0                TIM_OC2_SetConfig
 .text.TIM_OC3_SetConfig
                0x0000000008002a10      0x11c Drivers/STM32F3xx_HAL_Driver/Src/stm32f3xx_hal_tim.o
                0x0000000008002a10                TIM_OC3_SetConfig
 .text.TIM_OC4_SetConfig
                0x0000000008002b2c       0xe0 Drivers/STM32F3xx_HAL_Driver/Src/stm32f3xx_hal_tim.o
                0x0000000008002b2c                TIM_OC4_SetConfig
 .text.TIM_TI1_SetConfig
                0x0000000008002c0c       0xd8 Drivers/STM32F3xx_HAL_Driver/Src/stm32f3xx_hal_tim.o
                0x0000000008002c0c                TIM_TI1_SetConfig
 .text.TIM_TI2_SetConfig
                0x0000000008002ce4       0x82 Drivers/STM32F3xx_HAL_Driver/Src/stm32f3xx_hal_tim.o
 .text.TIM_TI3_SetConfig
                0x0000000008002d66       0x80 Drivers/STM32F3xx_HAL_Driver/Src/stm32f3xx_hal_tim.o
 .text.TIM_TI4_SetConfig
                0x0000000008002de6       0x82 Drivers/STM32F3xx_HAL_Driver/Src/stm32f3xx_hal_tim.o
 .text.HAL_TIM_PWM_ConfigChannel
                0x0000000008002e68      0x230 Drivers/STM32F3xx_HAL_Driver/Src/stm32f3xx_hal_tim_ex.o
                0x0000000008002e68                HAL_TIM_PWM_ConfigChannel
 .text.HAL_TIMEx_MasterConfigSynchronization
                0x0000000008003098       0xa8 Drivers/STM32F3xx_HAL_Driver/Src/stm32f3xx_hal_tim_ex.o
                0x0000000008003098                HAL_TIMEx_MasterConfigSynchronization
 .text.HAL_TIMEx_ConfigBreakDeadTime
                0x0000000008003140      0x10c Drivers/STM32F3xx_HAL_Driver/Src/stm32f3xx_hal_tim_ex.o
                0x0000000008003140                HAL_TIMEx_ConfigBreakDeadTime
 .text.HAL_TIMEx_CommutationCallback
                0x000000000800324c       0x14 Drivers/STM32F3xx_HAL_Driver/Src/stm32f3xx_hal_tim_ex.o
                0x000000000800324c                HAL_TIMEx_CommutationCallback
 .text.HAL_TIMEx_BreakCallback
                0x0000000008003260       0x14 Drivers/STM32F3xx_HAL_Driver/Src/stm32f3xx_hal_tim_ex.o
                0x0000000008003260                HAL_TIMEx_BreakCallback
 .text.HAL_TIMEx_Break2Callback
                0x0000000008003274       0x14 Drivers/STM32F3xx_HAL_Driver/Src/stm32f3xx_hal_tim_ex.o
                0x0000000008003274                HAL_TIMEx_Break2Callback
 .text.TIM_OC5_SetConfig
                0x0000000008003288       0xd4 Drivers/STM32F3xx_HAL_Driver/Src/stm32f3xx_hal_tim_ex.o
 .text.TIM_OC6_SetConfig
                0x000000000800335c       0xd8 Drivers/STM32F3xx_HAL_Driver/Src/stm32f3xx_hal_tim_ex.o
 .text.main     0x0000000008003434       0x26 Src/main.o
                0x0000000008003434                main
 *fill*         0x000000000800345a        0x2 
 .text.SystemClock_Config
                0x000000000800345c       0xcc Src/main.o
                0x000000000800345c                SystemClock_Config
 .text.MX_I2C1_Init
                0x0000000008003528       0x80 Src/main.o
 .text.MX_SPI1_Init
                0x00000000080035a8       0x7c Src/main.o
 .text.MX_TIM1_Init
                0x0000000008003624      0x120 Src/main.o
 .text.MX_TIM8_Init
                0x0000000008003744       0xd8 Src/main.o
 .text.MX_USB_PCD_Init
                0x000000000800381c       0x44 Src/main.o
 .text.MX_GPIO_Init
                0x0000000008003860      0x100 Src/main.o
 .text.Error_Handler
                0x0000000008003960        0xe Src/main.o
                0x0000000008003960                Error_Handler
 *fill*         0x000000000800396e        0x2 
 .text.HAL_MspInit
                0x0000000008003970       0x48 Src/stm32f3xx_hal_msp.o
                0x0000000008003970                HAL_MspInit
 .text.HAL_I2C_MspInit
                0x00000000080039b8       0x88 Src/stm32f3xx_hal_msp.o
                0x00000000080039b8                HAL_I2C_MspInit
 .text.HAL_SPI_MspInit
                0x0000000008003a40       0x84 Src/stm32f3xx_hal_msp.o
                0x0000000008003a40                HAL_SPI_MspInit
 .text.HAL_TIM_PWM_MspInit
                0x0000000008003ac4       0x4c Src/stm32f3xx_hal_msp.o
                0x0000000008003ac4                HAL_TIM_PWM_MspInit
 .text.HAL_TIM_IC_MspInit
                0x0000000008003b10       0x98 Src/stm32f3xx_hal_msp.o
                0x0000000008003b10                HAL_TIM_IC_MspInit
 .text.HAL_TIM_MspPostInit
                0x0000000008003ba8       0x70 Src/stm32f3xx_hal_msp.o
                0x0000000008003ba8                HAL_TIM_MspPostInit
 .text.HAL_PCD_MspInit
                0x0000000008003c18       0x88 Src/stm32f3xx_hal_msp.o
                0x0000000008003c18                HAL_PCD_MspInit
 .text.NMI_Handler
                0x0000000008003ca0        0xe Src/stm32f3xx_it.o
                0x0000000008003ca0                NMI_Handler
 .text.HardFault_Handler
                0x0000000008003cae        0x6 Src/stm32f3xx_it.o
                0x0000000008003cae                HardFault_Handler
 .text.MemManage_Handler
                0x0000000008003cb4        0x6 Src/stm32f3xx_it.o
                0x0000000008003cb4                MemManage_Handler
 .text.BusFault_Handler
                0x0000000008003cba        0x6 Src/stm32f3xx_it.o
                0x0000000008003cba                BusFault_Handler
 .text.UsageFault_Handler
                0x0000000008003cc0        0x6 Src/stm32f3xx_it.o
                0x0000000008003cc0                UsageFault_Handler
 .text.SVC_Handler
                0x0000000008003cc6        0xe Src/stm32f3xx_it.o
                0x0000000008003cc6                SVC_Handler
 .text.DebugMon_Handler
                0x0000000008003cd4        0xe Src/stm32f3xx_it.o
                0x0000000008003cd4                DebugMon_Handler
 .text.PendSV_Handler
                0x0000000008003ce2        0xe Src/stm32f3xx_it.o
                0x0000000008003ce2                PendSV_Handler
 .text.SysTick_Handler
                0x0000000008003cf0        0xc Src/stm32f3xx_it.o
                0x0000000008003cf0                SysTick_Handler
 .text.TIM1_CC_IRQHandler
                0x0000000008003cfc       0x14 Src/stm32f3xx_it.o
                0x0000000008003cfc                TIM1_CC_IRQHandler
 .text.TIM8_CC_IRQHandler
                0x0000000008003d10       0x14 Src/stm32f3xx_it.o
                0x0000000008003d10                TIM8_CC_IRQHandler
 .text.SystemInit
                0x0000000008003d24       0x94 Src/system_stm32f3xx.o
                0x0000000008003d24                SystemInit
 .text.Reset_Handler
                0x0000000008003db8       0x50 Startup/startup_stm32f303vctx.o
                0x0000000008003db8                Reset_Handler
 .text.Default_Handler
                0x0000000008003e08        0x2 Startup/startup_stm32f303vctx.o
                0x0000000008003e08                RTC_Alarm_IRQHandler
                0x0000000008003e08                TIM8_TRG_COM_IRQHandler
                0x0000000008003e08                USB_HP_IRQHandler
                0x0000000008003e08                PVD_IRQHandler
                0x0000000008003e08                TAMP_STAMP_IRQHandler
                0x0000000008003e08                EXTI3_IRQHandler
                0x0000000008003e08                USB_HP_CAN_TX_IRQHandler
                0x0000000008003e08                EXTI0_IRQHandler
                0x0000000008003e08                I2C2_EV_IRQHandler
                0x0000000008003e08                FPU_IRQHandler
                0x0000000008003e08                TIM1_UP_TIM16_IRQHandler
                0x0000000008003e08                ADC1_2_IRQHandler
                0x0000000008003e08                SPI1_IRQHandler
                0x0000000008003e08                CAN_SCE_IRQHandler
                0x0000000008003e08                TIM6_DAC_IRQHandler
                0x0000000008003e08                TIM8_UP_IRQHandler
                0x0000000008003e08                DMA2_Channel2_IRQHandler
                0x0000000008003e08                DMA1_Channel4_IRQHandler
                0x0000000008003e08                USART3_IRQHandler
                0x0000000008003e08                DMA1_Channel7_IRQHandler
                0x0000000008003e08                UART5_IRQHandler
                0x0000000008003e08                ADC3_IRQHandler
                0x0000000008003e08                TIM4_IRQHandler
                0x0000000008003e08                CAN_RX1_IRQHandler
                0x0000000008003e08                DMA2_Channel1_IRQHandler
                0x0000000008003e08                I2C1_EV_IRQHandler
                0x0000000008003e08                DMA1_Channel6_IRQHandler
                0x0000000008003e08                UART4_IRQHandler
                0x0000000008003e08                DMA2_Channel4_IRQHandler
                0x0000000008003e08                TIM3_IRQHandler
                0x0000000008003e08                RCC_IRQHandler
                0x0000000008003e08                DMA1_Channel1_IRQHandler
                0x0000000008003e08                Default_Handler
                0x0000000008003e08                USBWakeUp_RMP_IRQHandler
                0x0000000008003e08                EXTI15_10_IRQHandler
                0x0000000008003e08                TIM7_IRQHandler
                0x0000000008003e08                EXTI9_5_IRQHandler
                0x0000000008003e08                RTC_WKUP_IRQHandler
                0x0000000008003e08                SPI2_IRQHandler
                0x0000000008003e08                USB_LP_CAN_RX0_IRQHandler
                0x0000000008003e08                DMA2_Channel5_IRQHandler
                0x0000000008003e08                DMA1_Channel5_IRQHandler
                0x0000000008003e08                USB_LP_IRQHandler
                0x0000000008003e08                EXTI4_IRQHandler
                0x0000000008003e08                TIM1_TRG_COM_TIM17_IRQHandler
                0x0000000008003e08                DMA1_Channel3_IRQHandler
                0x0000000008003e08                ADC4_IRQHandler
                0x0000000008003e08                WWDG_IRQHandler
                0x0000000008003e08                TIM2_IRQHandler
                0x0000000008003e08                COMP7_IRQHandler
                0x0000000008003e08                COMP1_2_3_IRQHandler
                0x0000000008003e08                EXTI1_IRQHandler
                0x0000000008003e08                USART2_IRQHandler
                0x0000000008003e08                COMP4_5_6_IRQHandler
                0x0000000008003e08                I2C2_ER_IRQHandler
                0x0000000008003e08                DMA1_Channel2_IRQHandler
                0x0000000008003e08                TIM8_BRK_IRQHandler
                0x0000000008003e08                FLASH_IRQHandler
                0x0000000008003e08                USART1_IRQHandler
                0x0000000008003e08                SPI3_IRQHandler
                0x0000000008003e08                I2C1_ER_IRQHandler
                0x0000000008003e08                USBWakeUp_IRQHandler
                0x0000000008003e08                DMA2_Channel3_IRQHandler
                0x0000000008003e08                EXTI2_TSC_IRQHandler
                0x0000000008003e08                TIM1_BRK_TIM15_IRQHandler
 *fill*         0x0000000008003e0a        0x2 
 .text.__libc_init_array
                0x0000000008003e0c       0x48 /home/nik/st/plugins/com.st.stm32cube.ide.mcu.externaltools.gnu-tools-for-stm32.7-2018-q2-update.linux64_1.0.0.201904181610/tools/bin/../lib/gcc/arm-none-eabi/7.3.1/../../../../arm-none-eabi/lib/thumb/v7e-m/fpv4-sp/hard/libc_nano.a(lib_a-init.o)
                0x0000000008003e0c                __libc_init_array
 .text.memset   0x0000000008003e54       0x10 /home/nik/st/plugins/com.st.stm32cube.ide.mcu.externaltools.gnu-tools-for-stm32.7-2018-q2-update.linux64_1.0.0.201904181610/tools/bin/../lib/gcc/arm-none-eabi/7.3.1/../../../../arm-none-eabi/lib/thumb/v7e-m/fpv4-sp/hard/libc_nano.a(lib_a-memset.o)
                0x0000000008003e54                memset
 *(.glue_7)
 .glue_7        0x0000000008003e64        0x0 linker stubs
 *(.glue_7t)
 .glue_7t       0x0000000008003e64        0x0 linker stubs
 *(.eh_frame)
 .eh_frame      0x0000000008003e64        0x0 /home/nik/st/plugins/com.st.stm32cube.ide.mcu.externaltools.gnu-tools-for-stm32.7-2018-q2-update.linux64_1.0.0.201904181610/tools/bin/../lib/gcc/arm-none-eabi/7.3.1/thumb/v7e-m/fpv4-sp/hard/crtbegin.o
 *(.init)
 .init          0x0000000008003e64        0x4 /home/nik/st/plugins/com.st.stm32cube.ide.mcu.externaltools.gnu-tools-for-stm32.7-2018-q2-update.linux64_1.0.0.201904181610/tools/bin/../lib/gcc/arm-none-eabi/7.3.1/thumb/v7e-m/fpv4-sp/hard/crti.o
                0x0000000008003e64                _init
 .init          0x0000000008003e68        0x8 /home/nik/st/plugins/com.st.stm32cube.ide.mcu.externaltools.gnu-tools-for-stm32.7-2018-q2-update.linux64_1.0.0.201904181610/tools/bin/../lib/gcc/arm-none-eabi/7.3.1/thumb/v7e-m/fpv4-sp/hard/crtn.o
 *(.fini)
 .fini          0x0000000008003e70        0x4 /home/nik/st/plugins/com.st.stm32cube.ide.mcu.externaltools.gnu-tools-for-stm32.7-2018-q2-update.linux64_1.0.0.201904181610/tools/bin/../lib/gcc/arm-none-eabi/7.3.1/thumb/v7e-m/fpv4-sp/hard/crti.o
                0x0000000008003e70                _fini
 .fini          0x0000000008003e74        0x8 /home/nik/st/plugins/com.st.stm32cube.ide.mcu.externaltools.gnu-tools-for-stm32.7-2018-q2-update.linux64_1.0.0.201904181610/tools/bin/../lib/gcc/arm-none-eabi/7.3.1/thumb/v7e-m/fpv4-sp/hard/crtn.o
                0x0000000008003e7c                . = ALIGN (0x4)
                0x0000000008003e7c                _etext = .

.vfp11_veneer   0x0000000008003e7c        0x0
 .vfp11_veneer  0x0000000008003e7c        0x0 linker stubs

.v4_bx          0x0000000008003e7c        0x0
 .v4_bx         0x0000000008003e7c        0x0 linker stubs

.iplt           0x0000000008003e7c        0x0
 .iplt          0x0000000008003e7c        0x0 /home/nik/st/plugins/com.st.stm32cube.ide.mcu.externaltools.gnu-tools-for-stm32.7-2018-q2-update.linux64_1.0.0.201904181610/tools/bin/../lib/gcc/arm-none-eabi/7.3.1/thumb/v7e-m/fpv4-sp/hard/crtbegin.o

.rodata         0x0000000008003e7c       0x30
                0x0000000008003e7c                . = ALIGN (0x4)
 *(.rodata)
 *(.rodata*)
 .rodata.aPLLMULFactorTable
                0x0000000008003e7c       0x10 Drivers/STM32F3xx_HAL_Driver/Src/stm32f3xx_hal_rcc.o
                0x0000000008003e7c                aPLLMULFactorTable
 .rodata.aPredivFactorTable
                0x0000000008003e8c       0x10 Drivers/STM32F3xx_HAL_Driver/Src/stm32f3xx_hal_rcc.o
                0x0000000008003e8c                aPredivFactorTable
 .rodata.AHBPrescTable
                0x0000000008003e9c       0x10 Src/system_stm32f3xx.o
                0x0000000008003e9c                AHBPrescTable
                0x0000000008003eac                . = ALIGN (0x4)

.rel.dyn        0x0000000008003eac        0x0
 .rel.iplt      0x0000000008003eac        0x0 /home/nik/st/plugins/com.st.stm32cube.ide.mcu.externaltools.gnu-tools-for-stm32.7-2018-q2-update.linux64_1.0.0.201904181610/tools/bin/../lib/gcc/arm-none-eabi/7.3.1/thumb/v7e-m/fpv4-sp/hard/crtbegin.o

.ARM.extab      0x0000000008003eac        0x0
                0x0000000008003eac                . = ALIGN (0x4)
 *(.ARM.extab* .gnu.linkonce.armextab.*)
                0x0000000008003eac                . = ALIGN (0x4)

.ARM            0x0000000008003eac        0x0
                0x0000000008003eac                . = ALIGN (0x4)
                0x0000000008003eac                __exidx_start = .
 *(.ARM.exidx*)
                0x0000000008003eac                __exidx_end = .
                0x0000000008003eac                . = ALIGN (0x4)

.preinit_array  0x0000000008003eac        0x0
                0x0000000008003eac                . = ALIGN (0x4)
                0x0000000008003eac                PROVIDE (__preinit_array_start = .)
 *(.preinit_array*)
                0x0000000008003eac                PROVIDE (__preinit_array_end = .)
                0x0000000008003eac                . = ALIGN (0x4)

.init_array     0x0000000008003eac        0x4
                0x0000000008003eac                . = ALIGN (0x4)
                0x0000000008003eac                PROVIDE (__init_array_start = .)
 *(SORT_BY_NAME(.init_array.*))
 *(.init_array*)
 .init_array    0x0000000008003eac        0x4 /home/nik/st/plugins/com.st.stm32cube.ide.mcu.externaltools.gnu-tools-for-stm32.7-2018-q2-update.linux64_1.0.0.201904181610/tools/bin/../lib/gcc/arm-none-eabi/7.3.1/thumb/v7e-m/fpv4-sp/hard/crtbegin.o
                0x0000000008003eb0                PROVIDE (__init_array_end = .)
                0x0000000008003eb0                . = ALIGN (0x4)

.fini_array     0x0000000008003eb0        0x4
                0x0000000008003eb0                . = ALIGN (0x4)
                [!provide]                        PROVIDE (__fini_array_start = .)
 *(SORT_BY_NAME(.fini_array.*))
 *(.fini_array*)
 .fini_array    0x0000000008003eb0        0x4 /home/nik/st/plugins/com.st.stm32cube.ide.mcu.externaltools.gnu-tools-for-stm32.7-2018-q2-update.linux64_1.0.0.201904181610/tools/bin/../lib/gcc/arm-none-eabi/7.3.1/thumb/v7e-m/fpv4-sp/hard/crtbegin.o
                [!provide]                        PROVIDE (__fini_array_end = .)
                0x0000000008003eb4                . = ALIGN (0x4)
                0x0000000008003eb4                _sidata = LOADADDR (.data)

.data           0x0000000020000000        0xc load address 0x0000000008003eb4
                0x0000000020000000                . = ALIGN (0x4)
                0x0000000020000000                _sdata = .
 *(.data)
 *(.data*)
 .data.uwTickPrio
                0x0000000020000000        0x4 Drivers/STM32F3xx_HAL_Driver/Src/stm32f3xx_hal.o
                0x0000000020000000                uwTickPrio
 .data.uwTickFreq
                0x0000000020000004        0x1 Drivers/STM32F3xx_HAL_Driver/Src/stm32f3xx_hal.o
                0x0000000020000004                uwTickFreq
 *fill*         0x0000000020000005        0x3 
 .data.SystemCoreClock
                0x0000000020000008        0x4 Src/system_stm32f3xx.o
                0x0000000020000008                SystemCoreClock
                0x000000002000000c                . = ALIGN (0x4)
                0x000000002000000c                _edata = .

.igot.plt       0x000000002000000c        0x0 load address 0x0000000008003ec0
 .igot.plt      0x000000002000000c        0x0 /home/nik/st/plugins/com.st.stm32cube.ide.mcu.externaltools.gnu-tools-for-stm32.7-2018-q2-update.linux64_1.0.0.201904181610/tools/bin/../lib/gcc/arm-none-eabi/7.3.1/thumb/v7e-m/fpv4-sp/hard/crtbegin.o
                0x000000002000000c                . = ALIGN (0x4)

.bss            0x000000002000000c      0x4f8 load address 0x0000000008003ec0
                0x000000002000000c                _sbss = .
                0x000000002000000c                __bss_start__ = _sbss
 *(.bss)
 .bss           0x000000002000000c       0x1c /home/nik/st/plugins/com.st.stm32cube.ide.mcu.externaltools.gnu-tools-for-stm32.7-2018-q2-update.linux64_1.0.0.201904181610/tools/bin/../lib/gcc/arm-none-eabi/7.3.1/thumb/v7e-m/fpv4-sp/hard/crtbegin.o
 *(.bss*)
 *(COMMON)
 COMMON         0x0000000020000028        0x4 Drivers/STM32F3xx_HAL_Driver/Src/stm32f3xx_hal.o
                0x0000000020000028                uwTick
 COMMON         0x000000002000002c      0x4d8 Src/main.o
                0x000000002000002c                htim8
                0x000000002000006c                hi2c1
                0x00000000200000b8                htim1
                0x00000000200000f8                hspi1
                0x000000002000015c                hpcd_USB_FS
                0x0000000020000504                . = ALIGN (0x4)
                0x0000000020000504                _ebss = .
                0x0000000020000504                __bss_end__ = _ebss

._user_heap_stack
                0x0000000020000504      0x604 load address 0x0000000008003ec0
                0x0000000020000508                . = ALIGN (0x8)
 *fill*         0x0000000020000504        0x4 
                0x0000000020000508                PROVIDE (end = .)
                [!provide]                        PROVIDE (_end = .)
                0x0000000020000708                . = (. + _Min_Heap_Size)
 *fill*         0x0000000020000508      0x200 
                0x0000000020000b08                . = (. + _Min_Stack_Size)
 *fill*         0x0000000020000708      0x400 
                0x0000000020000b08                . = ALIGN (0x8)

/DISCARD/
 libc.a(*)
 libm.a(*)
 libgcc.a(*)

.ARM.attributes
                0x0000000000000000       0x30
 *(.ARM.attributes)
 .ARM.attributes
                0x0000000000000000       0x22 /home/nik/st/plugins/com.st.stm32cube.ide.mcu.externaltools.gnu-tools-for-stm32.7-2018-q2-update.linux64_1.0.0.201904181610/tools/bin/../lib/gcc/arm-none-eabi/7.3.1/thumb/v7e-m/fpv4-sp/hard/crti.o
 .ARM.attributes
                0x0000000000000022       0x34 /home/nik/st/plugins/com.st.stm32cube.ide.mcu.externaltools.gnu-tools-for-stm32.7-2018-q2-update.linux64_1.0.0.201904181610/tools/bin/../lib/gcc/arm-none-eabi/7.3.1/thumb/v7e-m/fpv4-sp/hard/crtbegin.o
 .ARM.attributes
                0x0000000000000056       0x39 Drivers/STM32F3xx_HAL_Driver/Src/stm32f3xx_hal.o
 .ARM.attributes
                0x000000000000008f       0x39 Drivers/STM32F3xx_HAL_Driver/Src/stm32f3xx_hal_cortex.o
 .ARM.attributes
                0x00000000000000c8       0x39 Drivers/STM32F3xx_HAL_Driver/Src/stm32f3xx_hal_gpio.o
 .ARM.attributes
                0x0000000000000101       0x39 Drivers/STM32F3xx_HAL_Driver/Src/stm32f3xx_hal_i2c.o
 .ARM.attributes
                0x000000000000013a       0x39 Drivers/STM32F3xx_HAL_Driver/Src/stm32f3xx_hal_i2c_ex.o
 .ARM.attributes
                0x0000000000000173       0x39 Drivers/STM32F3xx_HAL_Driver/Src/stm32f3xx_hal_pcd.o
 .ARM.attributes
                0x00000000000001ac       0x39 Drivers/STM32F3xx_HAL_Driver/Src/stm32f3xx_hal_rcc.o
 .ARM.attributes
                0x00000000000001e5       0x39 Drivers/STM32F3xx_HAL_Driver/Src/stm32f3xx_hal_rcc_ex.o
 .ARM.attributes
                0x000000000000021e       0x39 Drivers/STM32F3xx_HAL_Driver/Src/stm32f3xx_hal_spi.o
 .ARM.attributes
                0x0000000000000257       0x39 Drivers/STM32F3xx_HAL_Driver/Src/stm32f3xx_hal_tim.o
 .ARM.attributes
                0x0000000000000290       0x39 Drivers/STM32F3xx_HAL_Driver/Src/stm32f3xx_hal_tim_ex.o
 .ARM.attributes
                0x00000000000002c9       0x39 Src/main.o
 .ARM.attributes
                0x0000000000000302       0x39 Src/stm32f3xx_hal_msp.o
 .ARM.attributes
                0x000000000000033b       0x39 Src/stm32f3xx_it.o
 .ARM.attributes
                0x0000000000000374       0x39 Src/system_stm32f3xx.o
 .ARM.attributes
                0x00000000000003ad       0x21 Startup/startup_stm32f303vctx.o
 .ARM.attributes
                0x00000000000003ce       0x34 /home/nik/st/plugins/com.st.stm32cube.ide.mcu.externaltools.gnu-tools-for-stm32.7-2018-q2-update.linux64_1.0.0.201904181610/tools/bin/../lib/gcc/arm-none-eabi/7.3.1/../../../../arm-none-eabi/lib/thumb/v7e-m/fpv4-sp/hard/libc_nano.a(lib_a-init.o)
 .ARM.attributes
                0x0000000000000402       0x34 /home/nik/st/plugins/com.st.stm32cube.ide.mcu.externaltools.gnu-tools-for-stm32.7-2018-q2-update.linux64_1.0.0.201904181610/tools/bin/../lib/gcc/arm-none-eabi/7.3.1/../../../../arm-none-eabi/lib/thumb/v7e-m/fpv4-sp/hard/libc_nano.a(lib_a-memset.o)
 .ARM.attributes
                0x0000000000000436       0x22 /home/nik/st/plugins/com.st.stm32cube.ide.mcu.externaltools.gnu-tools-for-stm32.7-2018-q2-update.linux64_1.0.0.201904181610/tools/bin/../lib/gcc/arm-none-eabi/7.3.1/thumb/v7e-m/fpv4-sp/hard/crtn.o
OUTPUT(sonars228.elf elf32-littlearm)

.debug_info     0x0000000000000000    0x16c85
 .debug_info    0x0000000000000000      0xfe5 Drivers/STM32F3xx_HAL_Driver/Src/stm32f3xx_hal.o
 .debug_info    0x0000000000000fe5     0x159e Drivers/STM32F3xx_HAL_Driver/Src/stm32f3xx_hal_cortex.o
 .debug_info    0x0000000000002583      0xf29 Drivers/STM32F3xx_HAL_Driver/Src/stm32f3xx_hal_gpio.o
 .debug_info    0x00000000000034ac     0x241b Drivers/STM32F3xx_HAL_Driver/Src/stm32f3xx_hal_i2c.o
 .debug_info    0x00000000000058c7     0x10ee Drivers/STM32F3xx_HAL_Driver/Src/stm32f3xx_hal_i2c_ex.o
 .debug_info    0x00000000000069b5     0x17c3 Drivers/STM32F3xx_HAL_Driver/Src/stm32f3xx_hal_pcd.o
 .debug_info    0x0000000000008178     0x1ffd Drivers/STM32F3xx_HAL_Driver/Src/stm32f3xx_hal_rcc.o
 .debug_info    0x000000000000a175      0xec9 Drivers/STM32F3xx_HAL_Driver/Src/stm32f3xx_hal_rcc_ex.o
 .debug_info    0x000000000000b03e     0x1e02 Drivers/STM32F3xx_HAL_Driver/Src/stm32f3xx_hal_spi.o
 .debug_info    0x000000000000ce40     0x2b25 Drivers/STM32F3xx_HAL_Driver/Src/stm32f3xx_hal_tim.o
 .debug_info    0x000000000000f965     0x1b04 Drivers/STM32F3xx_HAL_Driver/Src/stm32f3xx_hal_tim_ex.o
 .debug_info    0x0000000000011469     0x1e9e Src/main.o
 .debug_info    0x0000000000013307     0x1df5 Src/stm32f3xx_hal_msp.o
 .debug_info    0x00000000000150fc      0xef9 Src/stm32f3xx_it.o
 .debug_info    0x0000000000015ff5      0xc6e Src/system_stm32f3xx.o
 .debug_info    0x0000000000016c63       0x22 Startup/startup_stm32f303vctx.o

.debug_abbrev   0x0000000000000000     0x260f
 .debug_abbrev  0x0000000000000000      0x283 Drivers/STM32F3xx_HAL_Driver/Src/stm32f3xx_hal.o
 .debug_abbrev  0x0000000000000283      0x342 Drivers/STM32F3xx_HAL_Driver/Src/stm32f3xx_hal_cortex.o
 .debug_abbrev  0x00000000000005c5      0x251 Drivers/STM32F3xx_HAL_Driver/Src/stm32f3xx_hal_gpio.o
 .debug_abbrev  0x0000000000000816      0x2aa Drivers/STM32F3xx_HAL_Driver/Src/stm32f3xx_hal_i2c.o
 .debug_abbrev  0x0000000000000ac0      0x21f Drivers/STM32F3xx_HAL_Driver/Src/stm32f3xx_hal_i2c_ex.o
 .debug_abbrev  0x0000000000000cdf      0x2ea Drivers/STM32F3xx_HAL_Driver/Src/stm32f3xx_hal_pcd.o
 .debug_abbrev  0x0000000000000fc9      0x314 Drivers/STM32F3xx_HAL_Driver/Src/stm32f3xx_hal_rcc.o
 .debug_abbrev  0x00000000000012dd      0x2cc Drivers/STM32F3xx_HAL_Driver/Src/stm32f3xx_hal_rcc_ex.o
 .debug_abbrev  0x00000000000015a9      0x299 Drivers/STM32F3xx_HAL_Driver/Src/stm32f3xx_hal_spi.o
 .debug_abbrev  0x0000000000001842      0x2b2 Drivers/STM32F3xx_HAL_Driver/Src/stm32f3xx_hal_tim.o
 .debug_abbrev  0x0000000000001af4      0x28f Drivers/STM32F3xx_HAL_Driver/Src/stm32f3xx_hal_tim_ex.o
 .debug_abbrev  0x0000000000001d83      0x27b Src/main.o
 .debug_abbrev  0x0000000000001ffe      0x24d Src/stm32f3xx_hal_msp.o
 .debug_abbrev  0x000000000000224b      0x1cb Src/stm32f3xx_it.o
 .debug_abbrev  0x0000000000002416      0x1e7 Src/system_stm32f3xx.o
 .debug_abbrev  0x00000000000025fd       0x12 Startup/startup_stm32f303vctx.o

.debug_aranges  0x0000000000000000      0xf38
 .debug_aranges
                0x0000000000000000       0xe0 Drivers/STM32F3xx_HAL_Driver/Src/stm32f3xx_hal.o
 .debug_aranges
                0x00000000000000e0      0x118 Drivers/STM32F3xx_HAL_Driver/Src/stm32f3xx_hal_cortex.o
 .debug_aranges
                0x00000000000001f8       0x58 Drivers/STM32F3xx_HAL_Driver/Src/stm32f3xx_hal_gpio.o
 .debug_aranges
                0x0000000000000250      0x260 Drivers/STM32F3xx_HAL_Driver/Src/stm32f3xx_hal_i2c.o
 .debug_aranges
                0x00000000000004b0       0x48 Drivers/STM32F3xx_HAL_Driver/Src/stm32f3xx_hal_i2c_ex.o
 .debug_aranges
                0x00000000000004f8      0x120 Drivers/STM32F3xx_HAL_Driver/Src/stm32f3xx_hal_pcd.o
 .debug_aranges
                0x0000000000000618       0x88 Drivers/STM32F3xx_HAL_Driver/Src/stm32f3xx_hal_rcc.o
 .debug_aranges
                0x00000000000006a0       0x38 Drivers/STM32F3xx_HAL_Driver/Src/stm32f3xx_hal_rcc_ex.o
 .debug_aranges
                0x00000000000006d8      0x1d8 Drivers/STM32F3xx_HAL_Driver/Src/stm32f3xx_hal_spi.o
 .debug_aranges
                0x00000000000008b0      0x378 Drivers/STM32F3xx_HAL_Driver/Src/stm32f3xx_hal_tim.o
 .debug_aranges
                0x0000000000000c28      0x178 Drivers/STM32F3xx_HAL_Driver/Src/stm32f3xx_hal_tim_ex.o
 .debug_aranges
                0x0000000000000da0       0x60 Src/main.o
 .debug_aranges
                0x0000000000000e00       0x78 Src/stm32f3xx_hal_msp.o
 .debug_aranges
                0x0000000000000e78       0x70 Src/stm32f3xx_it.o
 .debug_aranges
                0x0000000000000ee8       0x28 Src/system_stm32f3xx.o
 .debug_aranges
                0x0000000000000f10       0x28 Startup/startup_stm32f303vctx.o

.debug_ranges   0x0000000000000000      0xe40
 .debug_ranges  0x0000000000000000       0xd0 Drivers/STM32F3xx_HAL_Driver/Src/stm32f3xx_hal.o
 .debug_ranges  0x00000000000000d0      0x108 Drivers/STM32F3xx_HAL_Driver/Src/stm32f3xx_hal_cortex.o
 .debug_ranges  0x00000000000001d8       0x48 Drivers/STM32F3xx_HAL_Driver/Src/stm32f3xx_hal_gpio.o
 .debug_ranges  0x0000000000000220      0x250 Drivers/STM32F3xx_HAL_Driver/Src/stm32f3xx_hal_i2c.o
 .debug_ranges  0x0000000000000470       0x38 Drivers/STM32F3xx_HAL_Driver/Src/stm32f3xx_hal_i2c_ex.o
 .debug_ranges  0x00000000000004a8      0x110 Drivers/STM32F3xx_HAL_Driver/Src/stm32f3xx_hal_pcd.o
 .debug_ranges  0x00000000000005b8       0x78 Drivers/STM32F3xx_HAL_Driver/Src/stm32f3xx_hal_rcc.o
 .debug_ranges  0x0000000000000630       0x28 Drivers/STM32F3xx_HAL_Driver/Src/stm32f3xx_hal_rcc_ex.o
 .debug_ranges  0x0000000000000658      0x1c8 Drivers/STM32F3xx_HAL_Driver/Src/stm32f3xx_hal_spi.o
 .debug_ranges  0x0000000000000820      0x368 Drivers/STM32F3xx_HAL_Driver/Src/stm32f3xx_hal_tim.o
 .debug_ranges  0x0000000000000b88      0x168 Drivers/STM32F3xx_HAL_Driver/Src/stm32f3xx_hal_tim_ex.o
 .debug_ranges  0x0000000000000cf0       0x50 Src/main.o
 .debug_ranges  0x0000000000000d40       0x68 Src/stm32f3xx_hal_msp.o
 .debug_ranges  0x0000000000000da8       0x60 Src/stm32f3xx_it.o
 .debug_ranges  0x0000000000000e08       0x18 Src/system_stm32f3xx.o
 .debug_ranges  0x0000000000000e20       0x20 Startup/startup_stm32f303vctx.o

.debug_macro    0x0000000000000000    0x1b839
 .debug_macro   0x0000000000000000      0x351 Drivers/STM32F3xx_HAL_Driver/Src/stm32f3xx_hal.o
 .debug_macro   0x0000000000000351      0xa5a Drivers/STM32F3xx_HAL_Driver/Src/stm32f3xx_hal.o
 .debug_macro   0x0000000000000dab       0xb1 Drivers/STM32F3xx_HAL_Driver/Src/stm32f3xx_hal.o
 .debug_macro   0x0000000000000e5c       0x2f Drivers/STM32F3xx_HAL_Driver/Src/stm32f3xx_hal.o
 .debug_macro   0x0000000000000e8b       0x28 Drivers/STM32F3xx_HAL_Driver/Src/stm32f3xx_hal.o
 .debug_macro   0x0000000000000eb3       0x22 Drivers/STM32F3xx_HAL_Driver/Src/stm32f3xx_hal.o
 .debug_macro   0x0000000000000ed5       0x8e Drivers/STM32F3xx_HAL_Driver/Src/stm32f3xx_hal.o
 .debug_macro   0x0000000000000f63       0x51 Drivers/STM32F3xx_HAL_Driver/Src/stm32f3xx_hal.o
 .debug_macro   0x0000000000000fb4       0xef Drivers/STM32F3xx_HAL_Driver/Src/stm32f3xx_hal.o
 .debug_macro   0x00000000000010a3       0x6a Drivers/STM32F3xx_HAL_Driver/Src/stm32f3xx_hal.o
 .debug_macro   0x000000000000110d      0x1df Drivers/STM32F3xx_HAL_Driver/Src/stm32f3xx_hal.o
 .debug_macro   0x00000000000012ec       0x35 Drivers/STM32F3xx_HAL_Driver/Src/stm32f3xx_hal.o
 .debug_macro   0x0000000000001321       0x50 Drivers/STM32F3xx_HAL_Driver/Src/stm32f3xx_hal.o
 .debug_macro   0x0000000000001371      0xe66 Drivers/STM32F3xx_HAL_Driver/Src/stm32f3xx_hal.o
 .debug_macro   0x00000000000021d7    0x12a4f Drivers/STM32F3xx_HAL_Driver/Src/stm32f3xx_hal.o
 .debug_macro   0x0000000000014c26       0x43 Drivers/STM32F3xx_HAL_Driver/Src/stm32f3xx_hal.o
 .debug_macro   0x0000000000014c69       0x46 Drivers/STM32F3xx_HAL_Driver/Src/stm32f3xx_hal.o
 .debug_macro   0x0000000000014caf       0x18 Drivers/STM32F3xx_HAL_Driver/Src/stm32f3xx_hal.o
 .debug_macro   0x0000000000014cc7       0x3c Drivers/STM32F3xx_HAL_Driver/Src/stm32f3xx_hal.o
 .debug_macro   0x0000000000014d03       0x34 Drivers/STM32F3xx_HAL_Driver/Src/stm32f3xx_hal.o
 .debug_macro   0x0000000000014d37       0x16 Drivers/STM32F3xx_HAL_Driver/Src/stm32f3xx_hal.o
 .debug_macro   0x0000000000014d4d       0x97 Drivers/STM32F3xx_HAL_Driver/Src/stm32f3xx_hal.o
 .debug_macro   0x0000000000014de4      0x330 Drivers/STM32F3xx_HAL_Driver/Src/stm32f3xx_hal.o
 .debug_macro   0x0000000000015114       0xfd Drivers/STM32F3xx_HAL_Driver/Src/stm32f3xx_hal.o
 .debug_macro   0x0000000000015211       0x10 Drivers/STM32F3xx_HAL_Driver/Src/stm32f3xx_hal.o
 .debug_macro   0x0000000000015221       0x52 Drivers/STM32F3xx_HAL_Driver/Src/stm32f3xx_hal.o
 .debug_macro   0x0000000000015273       0x1f Drivers/STM32F3xx_HAL_Driver/Src/stm32f3xx_hal.o
 .debug_macro   0x0000000000015292       0x43 Drivers/STM32F3xx_HAL_Driver/Src/stm32f3xx_hal.o
 .debug_macro   0x00000000000152d5       0x20 Drivers/STM32F3xx_HAL_Driver/Src/stm32f3xx_hal.o
 .debug_macro   0x00000000000152f5      0x1a3 Drivers/STM32F3xx_HAL_Driver/Src/stm32f3xx_hal.o
 .debug_macro   0x0000000000015498       0x10 Drivers/STM32F3xx_HAL_Driver/Src/stm32f3xx_hal.o
 .debug_macro   0x00000000000154a8       0x1c Drivers/STM32F3xx_HAL_Driver/Src/stm32f3xx_hal.o
 .debug_macro   0x00000000000154c4       0x52 Drivers/STM32F3xx_HAL_Driver/Src/stm32f3xx_hal.o
 .debug_macro   0x0000000000015516       0x40 Drivers/STM32F3xx_HAL_Driver/Src/stm32f3xx_hal.o
 .debug_macro   0x0000000000015556       0x10 Drivers/STM32F3xx_HAL_Driver/Src/stm32f3xx_hal.o
 .debug_macro   0x0000000000015566       0x40 Drivers/STM32F3xx_HAL_Driver/Src/stm32f3xx_hal.o
 .debug_macro   0x00000000000155a6       0xd7 Drivers/STM32F3xx_HAL_Driver/Src/stm32f3xx_hal.o
 .debug_macro   0x000000000001567d       0x1c Drivers/STM32F3xx_HAL_Driver/Src/stm32f3xx_hal.o
 .debug_macro   0x0000000000015699       0x3d Drivers/STM32F3xx_HAL_Driver/Src/stm32f3xx_hal.o
 .debug_macro   0x00000000000156d6       0x16 Drivers/STM32F3xx_HAL_Driver/Src/stm32f3xx_hal.o
 .debug_macro   0x00000000000156ec      0x145 Drivers/STM32F3xx_HAL_Driver/Src/stm32f3xx_hal.o
 .debug_macro   0x0000000000015831       0x50 Drivers/STM32F3xx_HAL_Driver/Src/stm32f3xx_hal.o
 .debug_macro   0x0000000000015881      0x968 Drivers/STM32F3xx_HAL_Driver/Src/stm32f3xx_hal.o
 .debug_macro   0x00000000000161e9      0x5fe Drivers/STM32F3xx_HAL_Driver/Src/stm32f3xx_hal.o
 .debug_macro   0x00000000000167e7      0x13a Drivers/STM32F3xx_HAL_Driver/Src/stm32f3xx_hal.o
 .debug_macro   0x0000000000016921      0x1fb Drivers/STM32F3xx_HAL_Driver/Src/stm32f3xx_hal.o
 .debug_macro   0x0000000000016b1c      0x1bc Drivers/STM32F3xx_HAL_Driver/Src/stm32f3xx_hal.o
 .debug_macro   0x0000000000016cd8       0x31 Drivers/STM32F3xx_HAL_Driver/Src/stm32f3xx_hal.o
 .debug_macro   0x0000000000016d09       0x3c Drivers/STM32F3xx_HAL_Driver/Src/stm32f3xx_hal.o
 .debug_macro   0x0000000000016d45      0x23a Drivers/STM32F3xx_HAL_Driver/Src/stm32f3xx_hal.o
 .debug_macro   0x0000000000016f7f       0xcb Drivers/STM32F3xx_HAL_Driver/Src/stm32f3xx_hal.o
 .debug_macro   0x000000000001704a      0x22b Drivers/STM32F3xx_HAL_Driver/Src/stm32f3xx_hal.o
 .debug_macro   0x0000000000017275      0x209 Drivers/STM32F3xx_HAL_Driver/Src/stm32f3xx_hal.o
 .debug_macro   0x000000000001747e       0x5b Drivers/STM32F3xx_HAL_Driver/Src/stm32f3xx_hal.o
 .debug_macro   0x00000000000174d9       0x90 Drivers/STM32F3xx_HAL_Driver/Src/stm32f3xx_hal.o
 .debug_macro   0x0000000000017569       0x28 Drivers/STM32F3xx_HAL_Driver/Src/stm32f3xx_hal.o
 .debug_macro   0x0000000000017591      0x265 Drivers/STM32F3xx_HAL_Driver/Src/stm32f3xx_hal.o
 .debug_macro   0x00000000000177f6       0x82 Drivers/STM32F3xx_HAL_Driver/Src/stm32f3xx_hal.o
 .debug_macro   0x0000000000017878       0xd3 Drivers/STM32F3xx_HAL_Driver/Src/stm32f3xx_hal.o
 .debug_macro   0x000000000001794b      0x2e9 Drivers/STM32F3xx_HAL_Driver/Src/stm32f3xx_hal.o
 .debug_macro   0x0000000000017c34      0x6af Drivers/STM32F3xx_HAL_Driver/Src/stm32f3xx_hal.o
 .debug_macro   0x00000000000182e3      0x38a Drivers/STM32F3xx_HAL_Driver/Src/stm32f3xx_hal.o
 .debug_macro   0x000000000001866d      0x277 Drivers/STM32F3xx_HAL_Driver/Src/stm32f3xx_hal.o
 .debug_macro   0x00000000000188e4      0x32d Drivers/STM32F3xx_HAL_Driver/Src/stm32f3xx_hal_cortex.o
 .debug_macro   0x0000000000018c11      0x365 Drivers/STM32F3xx_HAL_Driver/Src/stm32f3xx_hal_gpio.o
 .debug_macro   0x0000000000018f76      0x3f9 Drivers/STM32F3xx_HAL_Driver/Src/stm32f3xx_hal_i2c.o
 .debug_macro   0x000000000001936f      0x32d Drivers/STM32F3xx_HAL_Driver/Src/stm32f3xx_hal_i2c_ex.o
 .debug_macro   0x000000000001969c      0x333 Drivers/STM32F3xx_HAL_Driver/Src/stm32f3xx_hal_pcd.o
 .debug_macro   0x00000000000199cf      0x351 Drivers/STM32F3xx_HAL_Driver/Src/stm32f3xx_hal_rcc.o
 .debug_macro   0x0000000000019d20      0x32d Drivers/STM32F3xx_HAL_Driver/Src/stm32f3xx_hal_rcc_ex.o
 .debug_macro   0x000000000001a04d      0x335 Drivers/STM32F3xx_HAL_Driver/Src/stm32f3xx_hal_spi.o
 .debug_macro   0x000000000001a382      0x32d Drivers/STM32F3xx_HAL_Driver/Src/stm32f3xx_hal_tim.o
 .debug_macro   0x000000000001a6af      0x339 Drivers/STM32F3xx_HAL_Driver/Src/stm32f3xx_hal_tim_ex.o
 .debug_macro   0x000000000001a9e8      0x33c Src/main.o
 .debug_macro   0x000000000001ad24      0x160 Src/main.o
 .debug_macro   0x000000000001ae84      0x33c Src/stm32f3xx_hal_msp.o
 .debug_macro   0x000000000001b1c0      0x346 Src/stm32f3xx_it.o
 .debug_macro   0x000000000001b506      0x333 Src/system_stm32f3xx.o

.debug_line     0x0000000000000000     0xc980
 .debug_line    0x0000000000000000      0x9f5 Drivers/STM32F3xx_HAL_Driver/Src/stm32f3xx_hal.o
 .debug_line    0x00000000000009f5      0xb1f Drivers/STM32F3xx_HAL_Driver/Src/stm32f3xx_hal_cortex.o
 .debug_line    0x0000000000001514      0x9ac Drivers/STM32F3xx_HAL_Driver/Src/stm32f3xx_hal_gpio.o
 .debug_line    0x0000000000001ec0     0x18c1 Drivers/STM32F3xx_HAL_Driver/Src/stm32f3xx_hal_i2c.o
 .debug_line    0x0000000000003781      0x962 Drivers/STM32F3xx_HAL_Driver/Src/stm32f3xx_hal_i2c_ex.o
 .debug_line    0x00000000000040e3      0xdd0 Drivers/STM32F3xx_HAL_Driver/Src/stm32f3xx_hal_pcd.o
 .debug_line    0x0000000000004eb3      0xf4f Drivers/STM32F3xx_HAL_Driver/Src/stm32f3xx_hal_rcc.o
 .debug_line    0x0000000000005e02      0xae7 Drivers/STM32F3xx_HAL_Driver/Src/stm32f3xx_hal_rcc_ex.o
 .debug_line    0x00000000000068e9     0x127e Drivers/STM32F3xx_HAL_Driver/Src/stm32f3xx_hal_spi.o
 .debug_line    0x0000000000007b67     0x1ab6 Drivers/STM32F3xx_HAL_Driver/Src/stm32f3xx_hal_tim.o
 .debug_line    0x000000000000961d      0xf6b Drivers/STM32F3xx_HAL_Driver/Src/stm32f3xx_hal_tim_ex.o
 .debug_line    0x000000000000a588      0x93e Src/main.o
 .debug_line    0x000000000000aec6      0x91b Src/stm32f3xx_hal_msp.o
 .debug_line    0x000000000000b7e1      0x8e0 Src/stm32f3xx_it.o
 .debug_line    0x000000000000c0c1      0x83e Src/system_stm32f3xx.o
 .debug_line    0x000000000000c8ff       0x81 Startup/startup_stm32f303vctx.o

.debug_str      0x0000000000000000    0x99de3
 .debug_str     0x0000000000000000    0x95430 Drivers/STM32F3xx_HAL_Driver/Src/stm32f3xx_hal.o
                                      0x957b4 (size before relaxing)
 .debug_str     0x0000000000095430      0x435 Drivers/STM32F3xx_HAL_Driver/Src/stm32f3xx_hal_cortex.o
                                      0x958b9 (size before relaxing)
 .debug_str     0x0000000000095865      0x2b9 Drivers/STM32F3xx_HAL_Driver/Src/stm32f3xx_hal_gpio.o
                                      0x95291 (size before relaxing)
 .debug_str     0x0000000000095b1e     0x11c1 Drivers/STM32F3xx_HAL_Driver/Src/stm32f3xx_hal_i2c.o
                                      0x961b4 (size before relaxing)
 .debug_str     0x0000000000096cdf       0xf3 Drivers/STM32F3xx_HAL_Driver/Src/stm32f3xx_hal_i2c_ex.o
                                      0x9555c (size before relaxing)
 .debug_str     0x0000000000096dd2      0x5d6 Drivers/STM32F3xx_HAL_Driver/Src/stm32f3xx_hal_pcd.o
                                      0x955cd (size before relaxing)
 .debug_str     0x00000000000973a8      0x402 Drivers/STM32F3xx_HAL_Driver/Src/stm32f3xx_hal_rcc.o
                                      0x95474 (size before relaxing)
 .debug_str     0x00000000000977aa      0x22f Drivers/STM32F3xx_HAL_Driver/Src/stm32f3xx_hal_rcc_ex.o
                                      0x95257 (size before relaxing)
 .debug_str     0x00000000000979d9      0x72a Drivers/STM32F3xx_HAL_Driver/Src/stm32f3xx_hal_spi.o
                                      0x958c6 (size before relaxing)
 .debug_str     0x0000000000098103      0xf33 Drivers/STM32F3xx_HAL_Driver/Src/stm32f3xx_hal_tim.o
                                      0x960d2 (size before relaxing)
 .debug_str     0x0000000000099036      0x61d Drivers/STM32F3xx_HAL_Driver/Src/stm32f3xx_hal_tim_ex.o
                                      0x95b04 (size before relaxing)
 .debug_str     0x0000000000099653      0x5f0 Src/main.o
                                      0x964fe (size before relaxing)
 .debug_str     0x0000000000099c43       0x40 Src/stm32f3xx_hal_msp.o
                                      0x96545 (size before relaxing)
 .debug_str     0x0000000000099c83       0xcb Src/stm32f3xx_it.o
                                      0x958e4 (size before relaxing)
 .debug_str     0x0000000000099d4e       0x64 Src/system_stm32f3xx.o
                                      0x95034 (size before relaxing)
 .debug_str     0x0000000000099db2       0x31 Startup/startup_stm32f303vctx.o
                                         0x68 (size before relaxing)

.comment        0x0000000000000000       0x7b
 .comment       0x0000000000000000       0x7b Drivers/STM32F3xx_HAL_Driver/Src/stm32f3xx_hal.o
                                         0x7c (size before relaxing)
 .comment       0x000000000000007b       0x7c Drivers/STM32F3xx_HAL_Driver/Src/stm32f3xx_hal_cortex.o
 .comment       0x000000000000007b       0x7c Drivers/STM32F3xx_HAL_Driver/Src/stm32f3xx_hal_gpio.o
 .comment       0x000000000000007b       0x7c Drivers/STM32F3xx_HAL_Driver/Src/stm32f3xx_hal_i2c.o
 .comment       0x000000000000007b       0x7c Drivers/STM32F3xx_HAL_Driver/Src/stm32f3xx_hal_i2c_ex.o
 .comment       0x000000000000007b       0x7c Drivers/STM32F3xx_HAL_Driver/Src/stm32f3xx_hal_pcd.o
 .comment       0x000000000000007b       0x7c Drivers/STM32F3xx_HAL_Driver/Src/stm32f3xx_hal_rcc.o
 .comment       0x000000000000007b       0x7c Drivers/STM32F3xx_HAL_Driver/Src/stm32f3xx_hal_rcc_ex.o
 .comment       0x000000000000007b       0x7c Drivers/STM32F3xx_HAL_Driver/Src/stm32f3xx_hal_spi.o
 .comment       0x000000000000007b       0x7c Drivers/STM32F3xx_HAL_Driver/Src/stm32f3xx_hal_tim.o
 .comment       0x000000000000007b       0x7c Drivers/STM32F3xx_HAL_Driver/Src/stm32f3xx_hal_tim_ex.o
 .comment       0x000000000000007b       0x7c Src/main.o
 .comment       0x000000000000007b       0x7c Src/stm32f3xx_hal_msp.o
 .comment       0x000000000000007b       0x7c Src/stm32f3xx_it.o
 .comment       0x000000000000007b       0x7c Src/system_stm32f3xx.o

.debug_frame    0x0000000000000000     0x40d4
 .debug_frame   0x0000000000000000      0x334 Drivers/STM32F3xx_HAL_Driver/Src/stm32f3xx_hal.o
 .debug_frame   0x0000000000000334      0x498 Drivers/STM32F3xx_HAL_Driver/Src/stm32f3xx_hal_cortex.o
 .debug_frame   0x00000000000007cc      0x14c Drivers/STM32F3xx_HAL_Driver/Src/stm32f3xx_hal_gpio.o
 .debug_frame   0x0000000000000918      0xafc Drivers/STM32F3xx_HAL_Driver/Src/stm32f3xx_hal_i2c.o
 .debug_frame   0x0000000000001414      0x100 Drivers/STM32F3xx_HAL_Driver/Src/stm32f3xx_hal_i2c_ex.o
 .debug_frame   0x0000000000001514      0x534 Drivers/STM32F3xx_HAL_Driver/Src/stm32f3xx_hal_pcd.o
 .debug_frame   0x0000000000001a48      0x214 Drivers/STM32F3xx_HAL_Driver/Src/stm32f3xx_hal_rcc.o
 .debug_frame   0x0000000000001c5c       0xb4 Drivers/STM32F3xx_HAL_Driver/Src/stm32f3xx_hal_rcc_ex.o
 .debug_frame   0x0000000000001d10      0x864 Drivers/STM32F3xx_HAL_Driver/Src/stm32f3xx_hal_spi.o
 .debug_frame   0x0000000000002574      0xffc Drivers/STM32F3xx_HAL_Driver/Src/stm32f3xx_hal_tim.o
 .debug_frame   0x0000000000003570      0x688 Drivers/STM32F3xx_HAL_Driver/Src/stm32f3xx_hal_tim_ex.o
 .debug_frame   0x0000000000003bf8      0x134 Src/main.o
 .debug_frame   0x0000000000003d2c      0x1c0 Src/stm32f3xx_hal_msp.o
 .debug_frame   0x0000000000003eec      0x144 Src/stm32f3xx_it.o
 .debug_frame   0x0000000000004030       0x58 Src/system_stm32f3xx.o
 .debug_frame   0x0000000000004088       0x2c /home/nik/st/plugins/com.st.stm32cube.ide.mcu.externaltools.gnu-tools-for-stm32.7-2018-q2-update.linux64_1.0.0.201904181610/tools/bin/../lib/gcc/arm-none-eabi/7.3.1/../../../../arm-none-eabi/lib/thumb/v7e-m/fpv4-sp/hard/libc_nano.a(lib_a-init.o)
 .debug_frame   0x00000000000040b4       0x20 /home/nik/st/plugins/com.st.stm32cube.ide.mcu.externaltools.gnu-tools-for-stm32.7-2018-q2-update.linux64_1.0.0.201904181610/tools/bin/../lib/gcc/arm-none-eabi/7.3.1/../../../../arm-none-eabi/lib/thumb/v7e-m/fpv4-sp/hard/libc_nano.a(lib_a-memset.o)
